
> cryochain-client@2.0.0 start
> react-scripts start

(node:88051) [DEP_WEBPACK_DEV_SERVER_ON_AFTER_SETUP_MIDDLEWARE] DeprecationWarning: 'onAfterSetupMiddleware' option is deprecated. Please use the 'setupMiddlewares' option.
(Use `node --trace-deprecation ...` to show where the warning was created)
(node:88051) [DEP_WEBPACK_DEV_SERVER_ON_BEFORE_SETUP_MIDDLEWARE] DeprecationWarning: 'onBeforeSetupMiddleware' option is deprecated. Please use the 'setupMiddlewares' option.
Starting the development server...

Failed to compile.

[eslint] 
src/App.jsx
Syntax error: 'import' and 'export' may only appear at the top level. (1976:0) (1976:undefined)
ERROR in ./src/App.jsx
Module build failed (from ./node_modules/babel-loader/lib/index.js):
SyntaxError: /Users/ishandhole/Downloads/course/DBMS/project1/client/src/App.jsx: 'import' and 'export' may only appear at the top level. (1976:0)

  1974 |
  1975 | // ── Root App ──────────────────────────────────────────────────
> 1976 | export default function App() {
       | ^
  1977 |   const [user, setUser] = useState(api.auth.getUser());
  1978 |   const [view, setView] = useState("LOGIN");
  1979 |   const [page, setPage] = useState("tower");
    at constructor (/Users/ishandhole/Downloads/course/DBMS/project1/client/node_modules/@babel/parser/lib/index.js:365:19)
    at FlowParserMixin.raise (/Users/ishandhole/Downloads/course/DBMS/project1/client/node_modules/@babel/parser/lib/index.js:6599:19)
    at FlowParserMixin.parseStatementContent (/Users/ishandhole/Downloads/course/DBMS/project1/client/node_modules/@babel/parser/lib/index.js:12871:18)
    at FlowParserMixin.parseStatementLike (/Users/ishandhole/Downloads/course/DBMS/project1/client/node_modules/@babel/parser/lib/index.js:12767:17)
    at FlowParserMixin.parseStatementLike (/Users/ishandhole/Downloads/course/DBMS/project1/client/node_modules/@babel/parser/lib/index.js:2918:24)
    at FlowParserMixin.parseStatementListItem (/Users/ishandhole/Downloads/course/DBMS/project1/client/node_modules/@babel/parser/lib/index.js:12747:17)
    at FlowParserMixin.parseBlockOrModuleBlockBody (/Users/ishandhole/Downloads/course/DBMS/project1/client/node_modules/@babel/parser/lib/index.js:13316:61)
    at FlowParserMixin.parseBlockBody (/Users/ishandhole/Downloads/course/DBMS/project1/client/node_modules/@babel/parser/lib/index.js:13309:10)
    at FlowParserMixin.parseBlock (/Users/ishandhole/Downloads/course/DBMS/project1/client/node_modules/@babel/parser/lib/index.js:13297:10)
    at FlowParserMixin.parseFunctionBody (/Users/ishandhole/Downloads/course/DBMS/project1/client/node_modules/@babel/parser/lib/index.js:12100:24)
    at FlowParserMixin.parseFunctionBody (/Users/ishandhole/Downloads/course/DBMS/project1/client/node_modules/@babel/parser/lib/index.js:2895:11)
    at FlowParserMixin.parseFunctionBodyAndFinish (/Users/ishandhole/Downloads/course/DBMS/project1/client/node_modules/@babel/parser/lib/index.js:12086:10)
    at FlowParserMixin.parseFunctionBodyAndFinish (/Users/ishandhole/Downloads/course/DBMS/project1/client/node_modules/@babel/parser/lib/index.js:2903:18)
    at /Users/ishandhole/Downloads/course/DBMS/project1/client/node_modules/@babel/parser/lib/index.js:13445:12
    at FlowParserMixin.withSmartMixTopicForbiddingContext (/Users/ishandhole/Downloads/course/DBMS/project1/client/node_modules/@babel/parser/lib/index.js:12403:14)
    at FlowParserMixin.parseFunction (/Users/ishandhole/Downloads/course/DBMS/project1/client/node_modules/@babel/parser/lib/index.js:13444:10)
    at FlowParserMixin.parseFunctionStatement (/Users/ishandhole/Downloads/course/DBMS/project1/client/node_modules/@babel/parser/lib/index.js:13125:17)
    at FlowParserMixin.parseStatementContent (/Users/ishandhole/Downloads/course/DBMS/project1/client/node_modules/@babel/parser/lib/index.js:12791:21)
    at FlowParserMixin.parseStatementLike (/Users/ishandhole/Downloads/course/DBMS/project1/client/node_modules/@babel/parser/lib/index.js:12767:17)
    at FlowParserMixin.parseStatementLike (/Users/ishandhole/Downloads/course/DBMS/project1/client/node_modules/@babel/parser/lib/index.js:2918:24)
    at FlowParserMixin.parseModuleItem (/Users/ishandhole/Downloads/course/DBMS/project1/client/node_modules/@babel/parser/lib/index.js:12744:17)
    at FlowParserMixin.parseBlockOrModuleBlockBody (/Users/ishandhole/Downloads/course/DBMS/project1/client/node_modules/@babel/parser/lib/index.js:13316:36)
    at FlowParserMixin.parseBlockBody (/Users/ishandhole/Downloads/course/DBMS/project1/client/node_modules/@babel/parser/lib/index.js:13309:10)
    at FlowParserMixin.parseProgram (/Users/ishandhole/Downloads/course/DBMS/project1/client/node_modules/@babel/parser/lib/index.js:12622:10)
    at FlowParserMixin.parseTopLevel (/Users/ishandhole/Downloads/course/DBMS/project1/client/node_modules/@babel/parser/lib/index.js:12612:25)
    at FlowParserMixin.parseTopLevel (/Users/ishandhole/Downloads/course/DBMS/project1/client/node_modules/@babel/parser/lib/index.js:3685:28)
    at FlowParserMixin.parse (/Users/ishandhole/Downloads/course/DBMS/project1/client/node_modules/@babel/parser/lib/index.js:14488:25)
    at parse (/Users/ishandhole/Downloads/course/DBMS/project1/client/node_modules/@babel/parser/lib/index.js:14522:38)
    at parser (/Users/ishandhole/Downloads/course/DBMS/project1/client/node_modules/@babel/core/lib/parser/index.js:41:34)
    at parser.next (<anonymous>)
    at normalizeFile (/Users/ishandhole/Downloads/course/DBMS/project1/client/node_modules/@babel/core/lib/transformation/normalize-file.js:64:37)
    at normalizeFile.next (<anonymous>)
    at run (/Users/ishandhole/Downloads/course/DBMS/project1/client/node_modules/@babel/core/lib/transformation/index.js:22:50)
    at run.next (<anonymous>)
    at transform (/Users/ishandhole/Downloads/course/DBMS/project1/client/node_modules/@babel/core/lib/transform.js:22:33)
    at transform.next (<anonymous>)
    at step (/Users/ishandhole/Downloads/course/DBMS/project1/client/node_modules/gensync/index.js:261:32)
    at /Users/ishandhole/Downloads/course/DBMS/project1/client/node_modules/gensync/index.js:273:13
    at async.call.result.err.err (/Users/ishandhole/Downloads/course/DBMS/project1/client/node_modules/gensync/index.js:223:11)
    at /Users/ishandhole/Downloads/course/DBMS/project1/client/node_modules/gensync/index.js:189:28
    at /Users/ishandhole/Downloads/course/DBMS/project1/client/node_modules/@babel/core/lib/gensync-utils/async.js:67:7
    at /Users/ishandhole/Downloads/course/DBMS/project1/client/node_modules/gensync/index.js:113:33
    at step (/Users/ishandhole/Downloads/course/DBMS/project1/client/node_modules/gensync/index.js:287:14)
    at /Users/ishandhole/Downloads/course/DBMS/project1/client/node_modules/gensync/index.js:273:13
    at async.call.result.err.err (/Users/ishandhole/Downloads/course/DBMS/project1/client/node_modules/gensync/index.js:223:11)

ERROR in [eslint] 
src/App.jsx
  Line 1976:  Parsing error: 'import' and 'export' may only appear at the top level. (1976:0)

webpack compiled with 2 errors
Compiling...
Compiled with warnings.

[eslint] 
src/App.jsx
  Line 8:31:     'useAuth' is defined but never used                no-unused-vars
  Line 1320:11:  'withGPS' is assigned a value but never used       no-unused-vars
  Line 1991:16:  'allMaterials' is assigned a value but never used  no-unused-vars

src/api.js
  Line 129:1:  Assign object to a variable before exporting as module default  import/no-anonymous-default-export

Search for the keywords to learn more about each warning.
To ignore, add // eslint-disable-next-line to the line before.

WARNING in [eslint] 
src/App.jsx
  Line 8:31:     'useAuth' is defined but never used                no-unused-vars
  Line 1320:11:  'withGPS' is assigned a value but never used       no-unused-vars
  Line 1991:16:  'allMaterials' is assigned a value but never used  no-unused-vars

src/api.js
  Line 129:1:  Assign object to a variable before exporting as module default  import/no-anonymous-default-export

webpack compiled with 1 warning
Compiling...
Compiled with warnings.

[eslint] 
src/App.jsx
  Line 8:31:     'useAuth' is defined but never used                no-unused-vars
  Line 1320:11:  'withGPS' is assigned a value but never used       no-unused-vars
  Line 1991:16:  'allMaterials' is assigned a value but never used  no-unused-vars

src/api.js
  Line 129:1:  Assign object to a variable before exporting as module default  import/no-anonymous-default-export

Search for the keywords to learn more about each warning.
To ignore, add // eslint-disable-next-line to the line before.

WARNING in [eslint] 
src/App.jsx
  Line 8:31:     'useAuth' is defined but never used                no-unused-vars
  Line 1320:11:  'withGPS' is assigned a value but never used       no-unused-vars
  Line 1991:16:  'allMaterials' is assigned a value but never used  no-unused-vars

src/api.js
  Line 129:1:  Assign object to a variable before exporting as module default  import/no-anonymous-default-export

webpack compiled with 1 warning
Compiling...
Compiled with warnings.

[eslint] 
src/App.jsx
  Line 8:31:     'useAuth' is defined but never used                no-unused-vars
  Line 1320:11:  'withGPS' is assigned a value but never used       no-unused-vars
  Line 1991:16:  'allMaterials' is assigned a value but never used  no-unused-vars

src/api.js
  Line 135:1:  Assign object to a variable before exporting as module default  import/no-anonymous-default-export

Search for the keywords to learn more about each warning.
To ignore, add // eslint-disable-next-line to the line before.

WARNING in [eslint] 
src/App.jsx
  Line 8:31:     'useAuth' is defined but never used                no-unused-vars
  Line 1320:11:  'withGPS' is assigned a value but never used       no-unused-vars
  Line 1991:16:  'allMaterials' is assigned a value but never used  no-unused-vars

src/api.js
  Line 135:1:  Assign object to a variable before exporting as module default  import/no-anonymous-default-export

webpack compiled with 1 warning
Compiling...
Failed to compile.

[eslint] 
src/App.jsx
  Line 1957:8:  'SignupPage' is not defined  react/jsx-no-undef

Search for the keywords to learn more about each error.
WARNING in [eslint] 
src/App.jsx
  Line 8:31:     'useAuth' is defined but never used                no-unused-vars
  Line 1272:11:  'withGPS' is assigned a value but never used       no-unused-vars
  Line 1943:16:  'allMaterials' is assigned a value but never used  no-unused-vars

src/api.js
  Line 135:1:  Assign object to a variable before exporting as module default  import/no-anonymous-default-export

ERROR in [eslint] 
src/App.jsx
  Line 1957:8:  'SignupPage' is not defined  react/jsx-no-undef

Search for the keywords to learn more about each error.

webpack compiled with 1 error and 1 warning
Compiling...
Failed to compile.

[eslint] 
src/App.jsx
Syntax error: Identifier 'isOps' has already been declared. (1953:8) (1953:8)
WARNING in [eslint] 
src/api.js
  Line 135:1:  Assign object to a variable before exporting as module default  import/no-anonymous-default-export

ERROR in ./src/App.jsx
Module build failed (from ./node_modules/babel-loader/lib/index.js):
SyntaxError: /Users/ishandhole/Downloads/course/DBMS/project1/client/src/App.jsx: Identifier 'isOps' has already been declared. (1953:8)

  1951 |   if (!user) return <LoginPage onLogin={handleLogin}/>;
  1952 |
> 1953 |   const isOps = user.role?.startsWith("ops");
       |         ^
  1954 |   const nav    = isOps ? OPS_NAV : CLIENT_NAV;
  1955 |   const bannerH = liveAlerts.length ? 42 : 0;
  1956 |
    at constructor (/Users/ishandhole/Downloads/course/DBMS/project1/client/node_modules/@babel/parser/lib/index.js:365:19)
    at FlowParserMixin.raise (/Users/ishandhole/Downloads/course/DBMS/project1/client/node_modules/@babel/parser/lib/index.js:6599:19)
    at FlowScopeHandler.checkRedeclarationInScope (/Users/ishandhole/Downloads/course/DBMS/project1/client/node_modules/@babel/parser/lib/index.js:1619:19)
    at FlowScopeHandler.declareName (/Users/ishandhole/Downloads/course/DBMS/project1/client/node_modules/@babel/parser/lib/index.js:1585:12)
    at FlowScopeHandler.declareName (/Users/ishandhole/Downloads/course/DBMS/project1/client/node_modules/@babel/parser/lib/index.js:1686:11)
    at FlowParserMixin.declareNameFromIdentifier (/Users/ishandhole/Downloads/course/DBMS/project1/client/node_modules/@babel/parser/lib/index.js:7567:16)
    at FlowParserMixin.checkIdentifier (/Users/ishandhole/Downloads/course/DBMS/project1/client/node_modules/@babel/parser/lib/index.js:7563:12)
    at FlowParserMixin.checkLVal (/Users/ishandhole/Downloads/course/DBMS/project1/client/node_modules/@babel/parser/lib/index.js:7500:12)
    at FlowParserMixin.parseVarId (/Users/ishandhole/Downloads/course/DBMS/project1/client/node_modules/@babel/parser/lib/index.js:13412:10)
    at FlowParserMixin.parseVarId (/Users/ishandhole/Downloads/course/DBMS/project1/client/node_modules/@babel/parser/lib/index.js:3474:11)
    at FlowParserMixin.parseVar (/Users/ishandhole/Downloads/course/DBMS/project1/client/node_modules/@babel/parser/lib/index.js:13383:12)
    at FlowParserMixin.parseVarStatement (/Users/ishandhole/Downloads/course/DBMS/project1/client/node_modules/@babel/parser/lib/index.js:13230:10)
    at FlowParserMixin.parseStatementContent (/Users/ishandhole/Downloads/course/DBMS/project1/client/node_modules/@babel/parser/lib/index.js:12851:23)
    at FlowParserMixin.parseStatementLike (/Users/ishandhole/Downloads/course/DBMS/project1/client/node_modules/@babel/parser/lib/index.js:12767:17)
    at FlowParserMixin.parseStatementLike (/Users/ishandhole/Downloads/course/DBMS/project1/client/node_modules/@babel/parser/lib/index.js:2918:24)
    at FlowParserMixin.parseStatementListItem (/Users/ishandhole/Downloads/course/DBMS/project1/client/node_modules/@babel/parser/lib/index.js:12747:17)
    at FlowParserMixin.parseBlockOrModuleBlockBody (/Users/ishandhole/Downloads/course/DBMS/project1/client/node_modules/@babel/parser/lib/index.js:13316:61)
    at FlowParserMixin.parseBlockBody (/Users/ishandhole/Downloads/course/DBMS/project1/client/node_modules/@babel/parser/lib/index.js:13309:10)
    at FlowParserMixin.parseBlock (/Users/ishandhole/Downloads/course/DBMS/project1/client/node_modules/@babel/parser/lib/index.js:13297:10)
    at FlowParserMixin.parseFunctionBody (/Users/ishandhole/Downloads/course/DBMS/project1/client/node_modules/@babel/parser/lib/index.js:12100:24)
    at FlowParserMixin.parseFunctionBody (/Users/ishandhole/Downloads/course/DBMS/project1/client/node_modules/@babel/parser/lib/index.js:2895:11)
    at FlowParserMixin.parseFunctionBodyAndFinish (/Users/ishandhole/Downloads/course/DBMS/project1/client/node_modules/@babel/parser/lib/index.js:12086:10)
    at FlowParserMixin.parseFunctionBodyAndFinish (/Users/ishandhole/Downloads/course/DBMS/project1/client/node_modules/@babel/parser/lib/index.js:2903:18)
    at /Users/ishandhole/Downloads/course/DBMS/project1/client/node_modules/@babel/parser/lib/index.js:13445:12
    at FlowParserMixin.withSmartMixTopicForbiddingContext (/Users/ishandhole/Downloads/course/DBMS/project1/client/node_modules/@babel/parser/lib/index.js:12403:14)
    at FlowParserMixin.parseFunction (/Users/ishandhole/Downloads/course/DBMS/project1/client/node_modules/@babel/parser/lib/index.js:13444:10)
    at FlowParserMixin.parseExportDefaultExpression (/Users/ishandhole/Downloads/course/DBMS/project1/client/node_modules/@babel/parser/lib/index.js:13907:19)
    at FlowParserMixin.parseExportDefaultExpression (/Users/ishandhole/Downloads/course/DBMS/project1/client/node_modules/@babel/parser/lib/index.js:2966:18)
    at FlowParserMixin.parseExport (/Users/ishandhole/Downloads/course/DBMS/project1/client/node_modules/@babel/parser/lib/index.js:13828:25)
    at FlowParserMixin.parseStatementContent (/Users/ishandhole/Downloads/course/DBMS/project1/client/node_modules/@babel/parser/lib/index.js:12878:27)
    at FlowParserMixin.parseStatementLike (/Users/ishandhole/Downloads/course/DBMS/project1/client/node_modules/@babel/parser/lib/index.js:12767:17)
    at FlowParserMixin.parseStatementLike (/Users/ishandhole/Downloads/course/DBMS/project1/client/node_modules/@babel/parser/lib/index.js:2918:24)
    at FlowParserMixin.parseModuleItem (/Users/ishandhole/Downloads/course/DBMS/project1/client/node_modules/@babel/parser/lib/index.js:12744:17)
    at FlowParserMixin.parseBlockOrModuleBlockBody (/Users/ishandhole/Downloads/course/DBMS/project1/client/node_modules/@babel/parser/lib/index.js:13316:36)
    at FlowParserMixin.parseBlockBody (/Users/ishandhole/Downloads/course/DBMS/project1/client/node_modules/@babel/parser/lib/index.js:13309:10)
    at FlowParserMixin.parseProgram (/Users/ishandhole/Downloads/course/DBMS/project1/client/node_modules/@babel/parser/lib/index.js:12622:10)
    at FlowParserMixin.parseTopLevel (/Users/ishandhole/Downloads/course/DBMS/project1/client/node_modules/@babel/parser/lib/index.js:12612:25)
    at FlowParserMixin.parseTopLevel (/Users/ishandhole/Downloads/course/DBMS/project1/client/node_modules/@babel/parser/lib/index.js:3685:28)
    at FlowParserMixin.parse (/Users/ishandhole/Downloads/course/DBMS/project1/client/node_modules/@babel/parser/lib/index.js:14488:25)
    at parse (/Users/ishandhole/Downloads/course/DBMS/project1/client/node_modules/@babel/parser/lib/index.js:14522:38)
    at parser (/Users/ishandhole/Downloads/course/DBMS/project1/client/node_modules/@babel/core/lib/parser/index.js:41:34)
    at parser.next (<anonymous>)
    at normalizeFile (/Users/ishandhole/Downloads/course/DBMS/project1/client/node_modules/@babel/core/lib/transformation/normalize-file.js:64:37)
    at normalizeFile.next (<anonymous>)
    at run (/Users/ishandhole/Downloads/course/DBMS/project1/client/node_modules/@babel/core/lib/transformation/index.js:22:50)
    at run.next (<anonymous>)
    at transform (/Users/ishandhole/Downloads/course/DBMS/project1/client/node_modules/@babel/core/lib/transform.js:22:33)
    at transform.next (<anonymous>)
    at step (/Users/ishandhole/Downloads/course/DBMS/project1/client/node_modules/gensync/index.js:261:32)
    at /Users/ishandhole/Downloads/course/DBMS/project1/client/node_modules/gensync/index.js:273:13

ERROR in [eslint] 
src/App.jsx
  Line 1953:8:  Parsing error: Identifier 'isOps' has already been declared. (1953:8)

webpack compiled with 2 errors and 1 warning
Compiling...
Compiled with warnings.

[eslint] 
src/App.jsx
  Line 1272:11:  'withGPS' is assigned a value but never used       no-unused-vars
  Line 1942:16:  'allMaterials' is assigned a value but never used  no-unused-vars

src/api.js
  Line 135:1:  Assign object to a variable before exporting as module default  import/no-anonymous-default-export

Search for the keywords to learn more about each warning.
To ignore, add // eslint-disable-next-line to the line before.

WARNING in [eslint] 
src/App.jsx
  Line 1272:11:  'withGPS' is assigned a value but never used       no-unused-vars
  Line 1942:16:  'allMaterials' is assigned a value but never used  no-unused-vars

src/api.js
  Line 135:1:  Assign object to a variable before exporting as module default  import/no-anonymous-default-export

webpack compiled with 1 warning
Compiling...
Compiled with warnings.

[eslint] 
src/App.jsx
  Line 1272:11:  'withGPS' is assigned a value but never used       no-unused-vars
  Line 1942:16:  'allMaterials' is assigned a value but never used  no-unused-vars

src/api.js
  Line 135:1:  Assign object to a variable before exporting as module default  import/no-anonymous-default-export

Search for the keywords to learn more about each warning.
To ignore, add // eslint-disable-next-line to the line before.

WARNING in [eslint] 
src/App.jsx
  Line 1272:11:  'withGPS' is assigned a value but never used       no-unused-vars
  Line 1942:16:  'allMaterials' is assigned a value but never used  no-unused-vars

src/api.js
  Line 135:1:  Assign object to a variable before exporting as module default  import/no-anonymous-default-export

webpack compiled with 1 warning
Compiling...
Compiled with warnings.

[eslint] 
src/App.jsx
  Line 1324:11:  'withGPS' is assigned a value but never used       no-unused-vars
  Line 1995:16:  'allMaterials' is assigned a value but never used  no-unused-vars

src/api.js
  Line 135:1:  Assign object to a variable before exporting as module default  import/no-anonymous-default-export

Search for the keywords to learn more about each warning.
To ignore, add // eslint-disable-next-line to the line before.

WARNING in [eslint] 
src/App.jsx
  Line 1324:11:  'withGPS' is assigned a value but never used       no-unused-vars
  Line 1995:16:  'allMaterials' is assigned a value but never used  no-unused-vars

src/api.js
  Line 135:1:  Assign object to a variable before exporting as module default  import/no-anonymous-default-export

webpack compiled with 1 warning
Compiling...
Compiled with warnings.

[eslint] 
src/App.jsx
  Line 1324:11:  'withGPS' is assigned a value but never used       no-unused-vars
  Line 1995:16:  'allMaterials' is assigned a value but never used  no-unused-vars

src/api.js
  Line 135:1:  Assign object to a variable before exporting as module default  import/no-anonymous-default-export

Search for the keywords to learn more about each warning.
To ignore, add // eslint-disable-next-line to the line before.

WARNING in [eslint] 
src/App.jsx
  Line 1324:11:  'withGPS' is assigned a value but never used       no-unused-vars
  Line 1995:16:  'allMaterials' is assigned a value but never used  no-unused-vars

src/api.js
  Line 135:1:  Assign object to a variable before exporting as module default  import/no-anonymous-default-export

webpack compiled with 1 warning
Compiling...
Compiled with warnings.

[eslint] 
src/App.jsx
  Line 1324:11:  'withGPS' is assigned a value but never used       no-unused-vars
  Line 1995:16:  'allMaterials' is assigned a value but never used  no-unused-vars

src/api.js
  Line 135:1:  Assign object to a variable before exporting as module default  import/no-anonymous-default-export

Search for the keywords to learn more about each warning.
To ignore, add // eslint-disable-next-line to the line before.

WARNING in [eslint] 
src/App.jsx
  Line 1324:11:  'withGPS' is assigned a value but never used       no-unused-vars
  Line 1995:16:  'allMaterials' is assigned a value but never used  no-unused-vars

src/api.js
  Line 135:1:  Assign object to a variable before exporting as module default  import/no-anonymous-default-export

webpack compiled with 1 warning
Compiling...
Compiled with warnings.

[eslint] 
src/App.jsx
  Line 1324:11:  'withGPS' is assigned a value but never used       no-unused-vars
  Line 1993:16:  'allMaterials' is assigned a value but never used  no-unused-vars

src/api.js
  Line 135:1:  Assign object to a variable before exporting as module default  import/no-anonymous-default-export

Search for the keywords to learn more about each warning.
To ignore, add // eslint-disable-next-line to the line before.

WARNING in [eslint] 
src/App.jsx
  Line 1324:11:  'withGPS' is assigned a value but never used       no-unused-vars
  Line 1993:16:  'allMaterials' is assigned a value but never used  no-unused-vars

src/api.js
  Line 135:1:  Assign object to a variable before exporting as module default  import/no-anonymous-default-export

webpack compiled with 1 warning
Compiling...
Compiled with warnings.

[eslint] 
src/App.jsx
  Line 1324:11:  'withGPS' is assigned a value but never used       no-unused-vars
  Line 1996:16:  'allMaterials' is assigned a value but never used  no-unused-vars

src/api.js
  Line 135:1:  Assign object to a variable before exporting as module default  import/no-anonymous-default-export

Search for the keywords to learn more about each warning.
To ignore, add // eslint-disable-next-line to the line before.

WARNING in [eslint] 
src/App.jsx
  Line 1324:11:  'withGPS' is assigned a value but never used       no-unused-vars
  Line 1996:16:  'allMaterials' is assigned a value but never used  no-unused-vars

src/api.js
  Line 135:1:  Assign object to a variable before exporting as module default  import/no-anonymous-default-export

webpack compiled with 1 warning
Compiling...
Compiled with warnings.

[eslint] 
src/App.jsx
  Line 1324:11:  'withGPS' is assigned a value but never used       no-unused-vars
  Line 1922:16:  'allMaterials' is assigned a value but never used  no-unused-vars

src/api.js
  Line 135:1:  Assign object to a variable before exporting as module default  import/no-anonymous-default-export

Search for the keywords to learn more about each warning.
To ignore, add // eslint-disable-next-line to the line before.

WARNING in [eslint] 
src/App.jsx
  Line 1324:11:  'withGPS' is assigned a value but never used       no-unused-vars
  Line 1922:16:  'allMaterials' is assigned a value but never used  no-unused-vars

src/api.js
  Line 135:1:  Assign object to a variable before exporting as module default  import/no-anonymous-default-export

webpack compiled with 1 warning
Compiling...
Compiled with warnings.

[eslint] 
src/App.jsx
  Line 1324:11:  'withGPS' is assigned a value but never used       no-unused-vars
  Line 1928:16:  'allMaterials' is assigned a value but never used  no-unused-vars

src/api.js
  Line 135:1:  Assign object to a variable before exporting as module default  import/no-anonymous-default-export

Search for the keywords to learn more about each warning.
To ignore, add // eslint-disable-next-line to the line before.

WARNING in [eslint] 
src/App.jsx
  Line 1324:11:  'withGPS' is assigned a value but never used       no-unused-vars
  Line 1928:16:  'allMaterials' is assigned a value but never used  no-unused-vars

src/api.js
  Line 135:1:  Assign object to a variable before exporting as module default  import/no-anonymous-default-export

webpack compiled with 1 warning
Compiling...
Compiled with warnings.

[eslint] 
src/App.jsx
  Line 1324:11:  'withGPS' is assigned a value but never used       no-unused-vars
  Line 1929:16:  'allMaterials' is assigned a value but never used  no-unused-vars

src/api.js
  Line 135:1:  Assign object to a variable before exporting as module default  import/no-anonymous-default-export

Search for the keywords to learn more about each warning.
To ignore, add // eslint-disable-next-line to the line before.

WARNING in [eslint] 
src/App.jsx
  Line 1324:11:  'withGPS' is assigned a value but never used       no-unused-vars
  Line 1929:16:  'allMaterials' is assigned a value but never used  no-unused-vars

src/api.js
  Line 135:1:  Assign object to a variable before exporting as module default  import/no-anonymous-default-export

webpack compiled with 1 warning
Compiling...
Compiled with warnings.

[eslint] 
src/App.jsx
  Line 1324:11:  'withGPS' is assigned a value but never used       no-unused-vars
  Line 1929:16:  'allMaterials' is assigned a value but never used  no-unused-vars

src/api.js
  Line 135:1:  Assign object to a variable before exporting as module default  import/no-anonymous-default-export

Search for the keywords to learn more about each warning.
To ignore, add // eslint-disable-next-line to the line before.

WARNING in [eslint] 
src/App.jsx
  Line 1324:11:  'withGPS' is assigned a value but never used       no-unused-vars
  Line 1929:16:  'allMaterials' is assigned a value but never used  no-unused-vars

src/api.js
  Line 135:1:  Assign object to a variable before exporting as module default  import/no-anonymous-default-export

webpack compiled with 1 warning
Compiling...
Compiled with warnings.

[eslint] 
src/App.jsx
  Line 1926:16:  'allMaterials' is assigned a value but never used  no-unused-vars

src/api.js
  Line 135:1:  Assign object to a variable before exporting as module default  import/no-anonymous-default-export

Search for the keywords to learn more about each warning.
To ignore, add // eslint-disable-next-line to the line before.

WARNING in [eslint] 
src/App.jsx
  Line 1926:16:  'allMaterials' is assigned a value but never used  no-unused-vars

src/api.js
  Line 135:1:  Assign object to a variable before exporting as module default  import/no-anonymous-default-export

webpack compiled with 1 warning
Compiling...
Compiled with warnings.

[eslint] 
src/App.jsx
  Line 1927:16:  'allMaterials' is assigned a value but never used  no-unused-vars

src/api.js
  Line 135:1:  Assign object to a variable before exporting as module default  import/no-anonymous-default-export

Search for the keywords to learn more about each warning.
To ignore, add // eslint-disable-next-line to the line before.

WARNING in [eslint] 
src/App.jsx
  Line 1927:16:  'allMaterials' is assigned a value but never used  no-unused-vars

src/api.js
  Line 135:1:  Assign object to a variable before exporting as module default  import/no-anonymous-default-export

webpack compiled with 1 warning
Compiling...
Compiled with warnings.

[eslint] 
src/App.jsx
  Line 1928:16:  'allMaterials' is assigned a value but never used  no-unused-vars

src/api.js
  Line 135:1:  Assign object to a variable before exporting as module default  import/no-anonymous-default-export

Search for the keywords to learn more about each warning.
To ignore, add // eslint-disable-next-line to the line before.

WARNING in [eslint] 
src/App.jsx
  Line 1928:16:  'allMaterials' is assigned a value but never used  no-unused-vars

src/api.js
  Line 135:1:  Assign object to a variable before exporting as module default  import/no-anonymous-default-export

webpack compiled with 1 warning
Compiling...
Compiled with warnings.

[eslint] 
src/App.jsx
  Line 1928:16:  'allMaterials' is assigned a value but never used  no-unused-vars

src/api.js
  Line 135:1:  Assign object to a variable before exporting as module default  import/no-anonymous-default-export

Search for the keywords to learn more about each warning.
To ignore, add // eslint-disable-next-line to the line before.

WARNING in [eslint] 
src/App.jsx
  Line 1928:16:  'allMaterials' is assigned a value but never used  no-unused-vars

src/api.js
  Line 135:1:  Assign object to a variable before exporting as module default  import/no-anonymous-default-export

webpack compiled with 1 warning
The build failed because the process exited too early. This probably means the system ran out of memory or someone called `kill -9` on the process.
