
> cryochain-server@2.0.0 dev
> nodemon server.js

[33m[nodemon] 3.1.14[39m
[33m[nodemon] to restart at any time, enter `rs`[39m
[33m[nodemon] watching path(s): *.*[39m
[33m[nodemon] watching extensions: js,mjs,cjs,json[39m
[32m[nodemon] starting `node server.js`[39m

🚀 CryoChain running on port 5001
────────────────────────────────────
socket.io  • node-cron  • multer
rate-limit • joi • pdfkit • nodemailer
bcrypt     • JWT • redis (optional)
────────────────────────────────────

[Dashboard] DEBUG :: 2026-04-15T18:09:21.415Z :: Syncing 11 shipments, 8 active.
[Dashboard] DEBUG :: 2026-04-15T18:09:21.422Z :: Syncing 11 shipments, 8 active.
[Dashboard] DEBUG :: 2026-04-15T18:09:27.117Z :: Syncing 11 shipments, 8 active.
[Dashboard] DEBUG :: 2026-04-15T18:09:28.576Z :: Syncing 11 shipments, 8 active.
[Dashboard] DEBUG :: 2026-04-15T18:09:28.586Z :: Syncing 11 shipments, 8 active.
[Dashboard] DEBUG :: 2026-04-15T18:09:37.656Z :: Syncing 11 shipments, 8 active.
[Dashboard] DEBUG :: 2026-04-15T18:09:37.663Z :: Syncing 11 shipments, 8 active.
[Dashboard] DEBUG :: 2026-04-15T18:09:40.120Z :: Syncing 11 shipments, 8 active.
[Dashboard] DEBUG :: 2026-04-15T18:09:40.125Z :: Syncing 11 shipments, 8 active.
[Dashboard] DEBUG :: 2026-04-15T18:09:43.107Z :: Syncing 11 shipments, 8 active.
[Dashboard] DEBUG :: 2026-04-15T18:09:45.110Z :: Syncing 11 shipments, 8 active.
[Dashboard] DEBUG :: 2026-04-15T18:09:48.115Z :: Syncing 11 shipments, 8 active.
[Dashboard] DEBUG :: 2026-04-15T18:09:53.105Z :: Syncing 11 shipments, 8 active.
[Dashboard] DEBUG :: 2026-04-15T18:09:58.110Z :: Syncing 12 shipments, 8 active.
[Dashboard] DEBUG :: 2026-04-15T18:10:03.106Z :: Syncing 12 shipments, 8 active.
[Dashboard] DEBUG :: 2026-04-15T18:10:08.103Z :: Syncing 12 shipments, 8 active.
[Dashboard] DEBUG :: 2026-04-15T18:10:13.106Z :: Syncing 12 shipments, 8 active.
[Dashboard] DEBUG :: 2026-04-15T18:10:14.677Z :: Syncing 12 shipments, 8 active.
[Dashboard] DEBUG :: 2026-04-15T18:10:14.686Z :: Syncing 12 shipments, 8 active.
[Dashboard] DEBUG :: 2026-04-15T18:10:18.106Z :: Syncing 12 shipments, 8 active.
[31m[nodemon] app crashed - waiting for file changes before starting...[39m
